// Vitest Snapshot v1, https://vitest.dev/guide/snapshot.html

exports[`Homepage > renders navbar, footer, and root route 1`] = `
<div>
  <header
    class="header"
  >
    <nav
      class="navBar"
    >
      <ul
        class="navList"
      >
        <li>
          <a
            href="/"
          >
            Shellendorf Antiques
          </a>
        </li>
        <li>
          <a
            class=""
            href="/shop"
          >
            Shop
          </a>
        </li>
        <li>
          <a
            class=""
            href="/cart"
          >
            Cart: 
          </a>
        </li>
      </ul>
    </nav>
  </header>
  <main
    class="main"
  />
  <footer
    class="footer"
  >
    <p>
      Created by Darnell. 
      <a
        href="#"
      >
        Github repo
      </a>
    </p>
    <p>
      Font and homepage image are property of Nintendo.
    </p>
    <p>
      Built using React Router and
       
      <a
        href="https://fakestoreapi.com/"
      >
        Fakestore API
      </a>
    </p>
  </footer>
</div>
`;
